// Jest Snapshot v1, https://goo.gl/fbAQLP

exports[`App renders correctly 1`] = `
<BrowserRouter>
  <Grid>
    <Row>
      <Col
        xs={12}
      >
        <Route
          component={[Function]}
          path="/"
        />
      </Col>
    </Row>
  </Grid>
</BrowserRouter>
`;
